Using pre-set license
Built from '6000.0/staging' branch; Version is '6000.0.39f1 (15ea7ed0b100) revision 1436286'; Using compiler version '193933523'; Build Type 'Release'
OS: 'Windows 11  (10.0.26100) 64bit Professional' Language: 'ru' Physical Memory: 16309 MB
BatchMode: 1, IsHumanControllingUs: 0, StartBugReporterOnCrash: 0, Is64bit: 1, IsPro: 1

COMMAND LINE ARGUMENTS:
C:\Program Files\Unity\Hub\Editor\6000.0.39f1\Editor\Unity.exe
-adb2
-batchMode
-noUpm
-name
AssetImportWorker9
-projectPath
E:/Dota runner/Dota-Runner/beta
-logFile
Logs/AssetImportWorker9.log
-srvPort
50545
-job-worker-count
7
-background-job-worker-count
8
-gc-helper-count
1
Successfully changed project path to: E:/Dota runner/Dota-Runner/beta
E:/Dota runner/Dota-Runner/beta
[UnityMemory] Configuration Parameters - Can be set up in boot.config
    "memorysetup-bucket-allocator-granularity=16"
    "memorysetup-bucket-allocator-bucket-count=8"
    "memorysetup-bucket-allocator-block-size=33554432"
    "memorysetup-bucket-allocator-block-count=8"
    "memorysetup-main-allocator-block-size=16777216"
    "memorysetup-thread-allocator-block-size=16777216"
    "memorysetup-gfx-main-allocator-block-size=16777216"
    "memorysetup-gfx-thread-allocator-block-size=16777216"
    "memorysetup-cache-allocator-block-size=4194304"
    "memorysetup-typetree-allocator-block-size=2097152"
    "memorysetup-profiler-bucket-allocator-granularity=16"
    "memorysetup-profiler-bucket-allocator-bucket-count=8"
    "memorysetup-profiler-bucket-allocator-block-size=33554432"
    "memorysetup-profiler-bucket-allocator-block-count=8"
    "memorysetup-profiler-allocator-block-size=16777216"
    "memorysetup-profiler-editor-allocator-block-size=1048576"
    "memorysetup-temp-allocator-size-main=16777216"
    "memorysetup-job-temp-allocator-block-size=2097152"
    "memorysetup-job-temp-allocator-block-size-background=1048576"
    "memorysetup-job-temp-allocator-reduction-small-platforms=262144"
    "memorysetup-allocator-temp-initial-block-size-main=262144"
    "memorysetup-allocator-temp-initial-block-size-worker=262144"
    "memorysetup-temp-allocator-size-background-worker=32768"
    "memorysetup-temp-allocator-size-job-worker=262144"
    "memorysetup-temp-allocator-size-preload-manager=33554432"
    "memorysetup-temp-allocator-size-nav-mesh-worker=65536"
    "memorysetup-temp-allocator-size-audio-worker=65536"
    "memorysetup-temp-allocator-size-cloud-worker=32768"
    "memorysetup-temp-allocator-size-gi-baking-worker=262144"
    "memorysetup-temp-allocator-size-gi-baking-worker=262144"
    "memorysetup-temp-allocator-size-gi-baking-worker=262144"
    "memorysetup-temp-allocator-size-gi-baking-worker=262144"
    "memorysetup-temp-allocator-size-gi-baking-worker=262144"
    "memorysetup-temp-allocator-size-gfx=262144"
Player connection [20548]  Target information:

Player connection [20548]  * "[IP] 26.194.81.7 [Port] 0 [Flags] 2 [Guid] 2664632233 [EditorId] 2664632233 [Version] 1048832 [Id] WindowsEditor(7,DESKTOP-6SURKQI) [Debug] 1 [PackageName] WindowsEditor [ProjectName] Editor" 

Player connection [20548]  * "[IP] 192.168.31.112 [Port] 0 [Flags] 2 [Guid] 2664632233 [EditorId] 2664632233 [Version] 1048832 [Id] WindowsEditor(7,DESKTOP-6SURKQI) [Debug] 1 [PackageName] WindowsEditor [ProjectName] Editor" 

Player connection [20548] Host joined multi-casting on [225.0.0.222:54997]...
Player connection [20548] Host joined alternative multi-casting on [225.0.0.222:34997]...
JobSystem: Creating JobQueue using job-worker-count value 7
Input System module state changed to: Initialized.
[Physics::Module] Initialized fallback backend.
[Physics::Module] Id: 0xdecafbad
Library Redirect Path: Library/
[Physics::Module] Selected backend.
[Physics::Module] Name: PhysX
[Physics::Module] Id: 0xf2b8ea05
[Physics::Module] SDK Version: 4.1.2
[Physics::Module] Integration Version: 1.0.0
[Physics::Module] Threading Mode: Multi-Threaded
Refreshing native plugins compatible for Editor in 3.11 ms, found 3 plugins.
Preloading 0 native plugins for Editor in 0.00 ms.
Initialize engine version: 6000.0.39f1 (15ea7ed0b100)
[Subsystems] Discovering subsystems at path C:/Program Files/Unity/Hub/Editor/6000.0.39f1/Editor/Data/Resources/UnitySubsystems
[Subsystems] Discovering subsystems at path E:/Dota runner/Dota-Runner/beta/Assets
GfxDevice: creating device client; kGfxThreadingModeNonThreaded
Direct3D:
    Version:  Direct3D 11.0 [level 11.1]
    Renderer: NVIDIA GeForce GTX 1080 Ti (ID=0x1b06)
    Vendor:   NVIDIA
    VRAM:     11106 MB
    Driver:   32.0.15.6590
Initialize mono
Mono path[0] = 'C:/Program Files/Unity/Hub/Editor/6000.0.39f1/Editor/Data/Managed'
Mono path[1] = 'C:/Program Files/Unity/Hub/Editor/6000.0.39f1/Editor/Data/MonoBleedingEdge/lib/mono/unityjit-win32'
Mono config path = 'C:/Program Files/Unity/Hub/Editor/6000.0.39f1/Editor/Data/MonoBleedingEdge/etc'
Using monoOptions --debugger-agent=transport=dt_socket,embedding=1,server=y,suspend=n,address=127.0.0.1:56932
Begin MonoManager ReloadAssembly
Registering precompiled unity dll's ...
Register platform support module: C:/Program Files/Unity/Hub/Editor/6000.0.39f1/Editor/Data/PlaybackEngines/WebGLSupport/UnityEditor.WebGL.Extensions.dll
Register platform support module: C:/Program Files/Unity/Hub/Editor/6000.0.39f1/Editor/Data/PlaybackEngines/WindowsStandaloneSupport/UnityEditor.WindowsStandalone.Extensions.dll
Registered in 0.006881 seconds.
- Loaded All Assemblies, in  0.752 seconds
Native extension for WindowsStandalone target not found
Native extension for WebGL target not found
Mono: successfully reloaded assembly
- Finished resetting the current domain, in  0.637 seconds
Domain Reload Profiling: 1382ms
	BeginReloadAssembly (252ms)
		ExecutionOrderSort (0ms)
		DisableScriptedObjects (0ms)
		BackupInstance (0ms)
		ReleaseScriptingObjects (0ms)
		CreateAndSetChildDomain (1ms)
	RebuildCommonClasses (65ms)
	RebuildNativeTypeToScriptingClass (23ms)
	initialDomainReloadingComplete (97ms)
	LoadAllAssembliesAndSetupDomain (307ms)
		LoadAssemblies (246ms)
		RebuildTransferFunctionScriptingTraits (0ms)
		AnalyzeDomain (301ms)
			TypeCache.Refresh (298ms)
				TypeCache.ScanAssembly (272ms)
			BuildScriptInfoCaches (0ms)
			ResolveRequiredComponents (1ms)
	FinalizeReload (638ms)
		ReleaseScriptCaches (0ms)
		RebuildScriptCaches (0ms)
		SetupLoadedEditorAssemblies (558ms)
			LogAssemblyErrors (0ms)
			InitializePlatformSupportModulesInManaged (49ms)
			SetLoadedEditorAssemblies (8ms)
			BeforeProcessingInitializeOnLoad (106ms)
			ProcessInitializeOnLoadAttributes (294ms)
			ProcessInitializeOnLoadMethodAttributes (101ms)
			AfterProcessingInitializeOnLoad (0ms)
			EditorAssembliesLoaded (0ms)
		ExecutionOrderSort2 (0ms)
		AwakeInstancesAfterBackupRestoration (0ms)
========================================================================
Worker process is ready to serve import requests
Import Worker Mode flag is 0x00
Begin MonoManager ReloadAssembly
- Loaded All Assemblies, in  1.231 seconds
Refreshing native plugins compatible for Editor in 2.05 ms, found 3 plugins.
Native extension for WindowsStandalone target not found
Native extension for WebGL target not found
[ScriptCompilation] NOT recompiling all scripts because this is an import worker process. Reason to compile was: Define symbols changed
[ScriptCompilation] NOT recompiling all scripts because this is an import worker process. Reason to compile was: Define symbols changed
Package Manager log level set to [2]
[Package Manager] Failed to launch server process. Reason: Unity was launched with the -noUpm command-line argument
[Package Manager] Unable to send message (not connected to server process).
[Package Manager] Cannot connect to Unity Package Manager local server
Mono: successfully reloaded assembly
- Finished resetting the current domain, in  1.027 seconds
Domain Reload Profiling: 2252ms
	BeginReloadAssembly (272ms)
		ExecutionOrderSort (0ms)
		DisableScriptedObjects (10ms)
		BackupInstance (0ms)
		ReleaseScriptingObjects (0ms)
		CreateAndSetChildDomain (43ms)
	RebuildCommonClasses (58ms)
	RebuildNativeTypeToScriptingClass (19ms)
	initialDomainReloadingComplete (64ms)
	LoadAllAssembliesAndSetupDomain (811ms)
		LoadAssemblies (556ms)
		RebuildTransferFunctionScriptingTraits (0ms)
		AnalyzeDomain (422ms)
			TypeCache.Refresh (345ms)
				TypeCache.ScanAssembly (318ms)
			BuildScriptInfoCaches (62ms)
			ResolveRequiredComponents (10ms)
	FinalizeReload (1028ms)
		ReleaseScriptCaches (0ms)
		RebuildScriptCaches (0ms)
		SetupLoadedEditorAssemblies (848ms)
			LogAssemblyErrors (0ms)
			InitializePlatformSupportModulesInManaged (5ms)
			SetLoadedEditorAssemblies (6ms)
			BeforeProcessingInitializeOnLoad (146ms)
			ProcessInitializeOnLoadAttributes (600ms)
			ProcessInitializeOnLoadMethodAttributes (80ms)
			AfterProcessingInitializeOnLoad (12ms)
			EditorAssembliesLoaded (0ms)
		ExecutionOrderSort2 (0ms)
		AwakeInstancesAfterBackupRestoration (9ms)
Launched and connected shader compiler UnityShaderCompiler.exe after 0.04 seconds
Refreshing native plugins compatible for Editor in 1.83 ms, found 3 plugins.
Preloading 0 native plugins for Editor in 0.00 ms.
Unloading 75 Unused Serialized files (Serialized files now loaded: 0)
Unloading 5301 unused Assets / (5.4 MB). Loaded Objects now: 5789.
Memory consumption went from 118.8 MB to 113.5 MB.
Total: 12.429800 ms (FindLiveObjects: 0.931800 ms CreateObjectMapping: 0.737200 ms MarkObjects: 6.559700 ms  DeleteObjects: 4.199000 ms)

========================================================================
Received Import Request.
  Time since last request: 9744.901806 seconds.
  path: Assets/Models/For Tiles2/forest_roads/RailwayTrack_Straight.fbx
  artifactKey: Guid(f3a5763f1e4641b4c998dcb5f20a8e0f) Importer(815301076,1909f56bfc062723c751e8b465ee728b)
Start importing Assets/Models/For Tiles2/forest_roads/RailwayTrack_Straight.fbx using Guid(f3a5763f1e4641b4c998dcb5f20a8e0f) Importer(815301076,1909f56bfc062723c751e8b465ee728b) (PreviewImporter) -> (artifact id: '9f5f04dbe7bf2c4ad4c4a18ac3dca818') in 0.2504444 seconds
Number of updated asset objects reloaded before import = 0Number of asset objects unloaded after import = 9

========================================================================
Received Import Request.
  Time since last request: 6.969425 seconds.
  path: Assets/Models/For Tiles2/meshes/dire.mesh
  artifactKey: Guid(0a9b4fcca505c2d48a3a3608ad3c35f6) Importer(815301076,1909f56bfc062723c751e8b465ee728b)
Start importing Assets/Models/For Tiles2/meshes/dire.mesh using Guid(0a9b4fcca505c2d48a3a3608ad3c35f6) Importer(815301076,1909f56bfc062723c751e8b465ee728b) (PreviewImporter) -> (artifact id: 'c80f1e2a22f8687bd2c0b123f14389b0') in 0.0203859 seconds
Number of updated asset objects reloaded before import = 0Number of asset objects unloaded after import = 2

========================================================================
Received Import Request.
  Time since last request: 0.000019 seconds.
  path: Assets/Models/For Tiles2/meshes/riveredge_rock003a.vmdl_c.riveredge_rock003a_model.mesh
  artifactKey: Guid(00cb9bb11054d2a48a5543ef2c8fde85) Importer(815301076,1909f56bfc062723c751e8b465ee728b)
Start importing Assets/Models/For Tiles2/meshes/riveredge_rock003a.vmdl_c.riveredge_rock003a_model.mesh using Guid(00cb9bb11054d2a48a5543ef2c8fde85) Importer(815301076,1909f56bfc062723c751e8b465ee728b) (PreviewImporter) -> (artifact id: '0dd8da8f7704d1b62690e34224c83973') in 0.0215852 seconds
Number of updated asset objects reloaded before import = 0Number of asset objects unloaded after import = 2

========================================================================
Received Import Request.
  Time since last request: 0.000084 seconds.
  path: Assets/Models/For Tiles2/meshes/pine.mesh
  artifactKey: Guid(1da3e6d9438d6064781baee619bb3b64) Importer(815301076,1909f56bfc062723c751e8b465ee728b)
Start importing Assets/Models/For Tiles2/meshes/pine.mesh using Guid(1da3e6d9438d6064781baee619bb3b64) Importer(815301076,1909f56bfc062723c751e8b465ee728b) (PreviewImporter) -> (artifact id: '20dab2bd70a430b4629d53b41b12f109') in 0.0202769 seconds
Number of updated asset objects reloaded before import = 0Number of asset objects unloaded after import = 2

========================================================================
Received Import Request.
  Time since last request: 1.971884 seconds.
  path: Assets/Models/For Tiles2/models/tree_pine_01.vmdl_c.tree_pine_01_inspector.009.mesh
  artifactKey: Guid(38853d630706a1d40be73181f47cba53) Importer(815301076,1909f56bfc062723c751e8b465ee728b)
Start importing Assets/Models/For Tiles2/models/tree_pine_01.vmdl_c.tree_pine_01_inspector.009.mesh using Guid(38853d630706a1d40be73181f47cba53) Importer(815301076,1909f56bfc062723c751e8b465ee728b) (PreviewImporter) -> (artifact id: '505d02dad2ac181bbe42fb155c820d3e') in 0.0088953 seconds
Number of updated asset objects reloaded before import = 0Number of asset objects unloaded after import = 2

========================================================================
Received Import Request.
  Time since last request: 3.015664 seconds.
  path: Assets/Models/For Tiles2/prefabs/podrelsy.prefab
  artifactKey: Guid(7a63d6044ae165d448ff6ddd833e5aae) Importer(815301076,1909f56bfc062723c751e8b465ee728b)
Start importing Assets/Models/For Tiles2/prefabs/podrelsy.prefab using Guid(7a63d6044ae165d448ff6ddd833e5aae) Importer(815301076,1909f56bfc062723c751e8b465ee728b) (PreviewImporter) -> (artifact id: 'beb497f4a452fa8a92f7cf3a25ad20ff') in 0.02177 seconds
Number of updated asset objects reloaded before import = 0Number of asset objects unloaded after import = 9

========================================================================
Received Import Request.
  Time since last request: 0.012793 seconds.
  path: Assets/Models/For Tiles2/prefabs/riveredge_rock003a.vmdl_c.riveredge_rock003a_model.prefab
  artifactKey: Guid(eb213a863e8aca34aaeb95499722ef10) Importer(815301076,1909f56bfc062723c751e8b465ee728b)
Start importing Assets/Models/For Tiles2/prefabs/riveredge_rock003a.vmdl_c.riveredge_rock003a_model.prefab using Guid(eb213a863e8aca34aaeb95499722ef10) Importer(815301076,1909f56bfc062723c751e8b465ee728b) (PreviewImporter) -> (artifact id: '1d799c5e8ece2925e208d9115426a872') in 0.0203353 seconds
Number of updated asset objects reloaded before import = 0Number of asset objects unloaded after import = 10

========================================================================
Received Import Request.
  Time since last request: 0.009071 seconds.
  path: Assets/Models/For Tiles2/prefabs/riveredge_rock005a.vmdl_c.riveredge_rock005a_model.prefab
  artifactKey: Guid(93443d982f66f6c4ea440295431de8d0) Importer(815301076,1909f56bfc062723c751e8b465ee728b)
Start importing Assets/Models/For Tiles2/prefabs/riveredge_rock005a.vmdl_c.riveredge_rock005a_model.prefab using Guid(93443d982f66f6c4ea440295431de8d0) Importer(815301076,1909f56bfc062723c751e8b465ee728b) (PreviewImporter) -> (artifact id: '77f0d4064e7a49e7444f8dbbb84d556a') in 0.0188049 seconds
Number of updated asset objects reloaded before import = 0Number of asset objects unloaded after import = 11

========================================================================
Received Import Request.
  Time since last request: 0.013619 seconds.
  path: Assets/Models/For Tiles2/prefabs/riveredge_rock006a.vmdl_c.riveredge_rock006a_model.prefab
  artifactKey: Guid(1cf47c3e908fe5e4a94effb92bac6c30) Importer(815301076,1909f56bfc062723c751e8b465ee728b)
Start importing Assets/Models/For Tiles2/prefabs/riveredge_rock006a.vmdl_c.riveredge_rock006a_model.prefab using Guid(1cf47c3e908fe5e4a94effb92bac6c30) Importer(815301076,1909f56bfc062723c751e8b465ee728b) (PreviewImporter) -> (artifact id: '73f8dee98119a4ef22b0605745a27658') in 0.0198526 seconds
Number of updated asset objects reloaded before import = 0Number of asset objects unloaded after import = 10

========================================================================
Received Import Request.
  Time since last request: 3.059567 seconds.
  path: Assets/Models/For Tiles2/textures/riveredge_rock004a_color_psd_827ba4bd.png
  artifactKey: Guid(a057ace39c0f2604ca39e36a42a63d3e) Importer(815301076,1909f56bfc062723c751e8b465ee728b)
Start importing Assets/Models/For Tiles2/textures/riveredge_rock004a_color_psd_827ba4bd.png using Guid(a057ace39c0f2604ca39e36a42a63d3e) Importer(815301076,1909f56bfc062723c751e8b465ee728b) (PreviewImporter) -> (artifact id: 'f78fddcd54dc56be6462704b1465b0da') in 0.0357592 seconds
Number of updated asset objects reloaded before import = 0Number of asset objects unloaded after import = 2

Editor requested this worker to shutdown with reason: Scaling down because of idle timeout
AssetImportWorker is now disconnected from the server
Process exiting
Exiting without the bug reporter. Application will terminate with return code 0